# serializer version: 1
# name: test_gfx950_emit_digests
  list([
    dict({
      'file': 'BBS.yaml',
      'kernels': list([
        dict({
          'basename': 'Cijk_Alik_Bjlk_BBS_BH_Bias_AuxB_HA_S_SAV_UserArgCR4lqTjEdXfjTEapPARRQ8lusRjQCvHJOpkQHMalMaM=',
          'err': 0,
        }),
      ]),
    }),
    dict({
      'file': 'DTL.yaml',
      'kernels': list([
        dict({
          'basename': 'Custom_Cijk_Alik_Bljk_HHS_BH_MT256x256x64_MI16x16x1_UserArgs_shortname0_gfx950',
          'err': 0,
        }),
      ]),
    }),
    dict({
      'file': 'F8B8BS.yaml',
      'kernels': list([
        dict({
          'basename': 'Custom_Cijk_Alik_Bljk_F8B8BS_BH_SAB_NTD_UserArgs_shortname0_gfx950',
          'err': 0,
        }),
        dict({
          'basename': 'Custom_Cijk_Alik_Bljk_F8B8BS_BH_SAB_NTD_UserArgs_shortname1_gfx950',
          'err': 0,
        }),
        dict({
          'basename': 'Custom_Cijk_Alik_Bljk_F8B8BS_BH_SAB_UserArgs_shortname0_gfx950',
          'err': 0,
        }),
      ]),
    }),
    dict({
      'file': 'HHS.yaml',
      'kernels': list([
        dict({
          'basename': 'Cijk_Alik_Bljk_HHS_BH_Bias_HA_S_SAV_UserArgs_MT1_OFaC0V9_KmxiNZYm8JoGhAAEVzV0OBJ3hGKAQJqPxM=',
          'err': 0,
        }),
      ]),
    }),
    dict({
      'file': 'HSS.yaml',
      'kernels': list([
        dict({
          'basename': 'Cijk_Alik_Bjlk_HSS_BH_Bias_HA_S_SAV_UserArgs_MT3toICV7LUDeC_4VSRXzy8LI5wJ5SDWO9du5O0WfC_bE0=',
          'err': 0,
        }),
      ]),
    }),
    dict({
      'file': 'I8_GSU.yaml',
      'kernels': list([
        dict({
          'basename': 'Cijk_Ailk_Bjlk_I8I8S_BH_Bias_HA_S_SAV_UserArgs_MN5PdcNs4nGM8DaNOp1ZaI1uFrLUraHFf1lRzGr89PYc=',
          'err': 0,
        }),
      ]),
    }),
    dict({
      'file': 'MX.yaml',
      'kernels': list([
        dict({
          'basename': 'Cijk_Alik_Bjlk_S_MX_B_Bias_HA_S_SAV_UserArgs_MT45AxHH-K5LS_-aybjinkKbl9gfgdGcGciUCB2p1Rh_Yw=',
          'err': 0,
        }),
      ]),
    }),
    dict({
      'file': 'MX_StreamK.yaml',
      'kernels': list([
        dict({
          'basename': 'Cijk_Alik_Bjlk_S_MX_B_Bias_HA_S_SAV_UserArgs_MT45AxHH-K5LS_-aybjinkKbl9gfgdGcGciUCB2p1Rh_Yw=',
          'err': 0,
        }),
      ]),
    }),
    dict({
      'file': 'SB.yaml',
      'kernels': list([
        dict({
          'basename': 'Cijk_Ailk_Bjlk_S_B_Bias_AuxS_HA_S_SAV_UserArgs_MTdIqztO4NdOBAwHJEHwfgoJz4dW8IbP6DlFgG5uW74Q=',
          'err': 0,
        }),
      ]),
    }),
    dict({
      'file': 'StreamK_B8F8.yaml',
      'kernels': list([
        dict({
          'basename': 'Cijk_Alik_Bljk_B8F8_BH_Bias_HA_S_SAB_SAV_UserArg04tFzW3nZsN-Ci5KYbywf75qbn0bzjod47B-qpILGiM=',
          'err': 0,
        }),
        dict({
          'basename': 'Cijk_Alik_Bljk_B8F8_BH_Bias_HA_S_SAB_SAV_UserArg4bOCKj1TOXC30c6BcWlFPTRuDJNT_pGnGfbRZuiLL18=',
          'err': 0,
        }),
        dict({
          'basename': 'Cijk_Alik_Bljk_B8F8_BH_Bias_HA_S_SAB_SAV_UserArg7zremUUV6B-huIYZpVpNX7tpqpTEsb-NE6HJ_ylqwUw=',
          'err': 0,
        }),
        dict({
          'basename': 'Cijk_Alik_Bljk_B8F8_BH_Bias_HA_S_SAB_SAV_UserArgRGcYFAAde29OpfNor_paOTE0Vd2nZ48xbFIU-dRr0RY=',
          'err': 0,
        }),
        dict({
          'basename': 'Cijk_Alik_Bljk_B8F8_BH_Bias_HA_S_SAB_SAV_UserArgj42DU8IW9m9PBON1xjvXNEAIPriAJ9kCeFpnUXisBaU=',
          'err': 0,
        }),
      ]),
    }),
    dict({
      'file': 'StreamK_F8F8S.yaml',
      'kernels': list([
        dict({
          'basename': 'Cijk_Alik_Bljk_F8F8S_BH_Bias_HA_S_SAV_UserArgs_M5-skC1QFhOMtiyBkQsp-BhJRrKUHy366GcZACtZoZ_s=',
          'err': 0,
        }),
      ]),
    }),
    dict({
      'file': 'WaveSplitK.yaml',
      'kernels': list([
        dict({
          'basename': 'Cijk_Alik_Bjlk_HHS_BH_Bias_HA_S_SAV_UserArgs_MT3toICV7LUDeC_4VSRXzy8LI5wJ5SDWO9du5O0WfC_bE0=',
          'err': 0,
        }),
      ]),
    }),
  ])
# ---
