# serializer version: 1
# name: test_r2_wgm_gfx942_golden
  list([
    dict({
      'basename': 'Cijk_Alik_Bljk_BBS_BH_Bias_A_S_UserArgs_MT64x16x2QLLjYK8D-asyKiWe9JQY6Yp-TYXJEoOpYZUjBKArFw=',
      'err': 0,
    }),
    dict({
      'basename': 'Cijk_Alik_Bljk_BBS_BH_Bias_A_S_UserArgs_MT64x16xIl8h8EsSn0n4f5U00Sz9hOMMoX0ckBSfF_-VDYtT_xk=',
      'err': 0,
    }),
    dict({
      'basename': 'Cijk_Alik_Bljk_BBS_BH_Bias_A_S_UserArgs_MT64x16xLuSCRUkMtOixpGP3PGc-3GNDNGL6OLaAGw5j4--FE94=',
      'err': 0,
    }),
    dict({
      'basename': 'Cijk_Alik_Bljk_BBS_BH_Bias_A_S_UserArgs_MT64x16xMpVfGrcd8rs_KWj1QWynKr1EdLFCpRK5T6yUvS1G_dQ=',
      'err': 0,
    }),
    dict({
      'basename': 'Cijk_Alik_Bljk_BBS_BH_Bias_A_S_UserArgs_MT64x16xU_TfnHfvXd0g7eAMJVZUXBPveusJZ-tBdxJR5Gkr_4M=',
      'err': 0,
    }),
  ])
# ---
