# serializer version: 1
# name: test_r2_store_gfx942_golden
  list([
    dict({
      'basename': 'Cijk_Alik_Bljk_BBS_BH_Bias_SAV_UserArgs_MT64x16xYrEbIskPFoL9_lBbQHlSMAXeQtGPI9amcBE_acCnZM0=',
      'err': 0,
    }),
    dict({
      'basename': 'Cijk_Alik_Bljk_BBS_BH_Bias_SAV_UserArgs_MT64x16xZzmNCm9GiJKrV1DYC-O25wGG-IjhrokkT7eKlYbgLDo=',
      'err': 0,
    }),
    dict({
      'basename': 'Cijk_Alik_Bljk_BBS_BH_Bias_SAV_UserArgs_MT64x16xqQnL0zgbkytRwmXGkcXCSZnOIG2bKWKbsHfzCTpfw98=',
      'err': 0,
    }),
    dict({
      'basename': 'Cijk_Alik_Bljk_BBS_BH_Bias_SAV_UserArgs_MT64x16xzT5i_ejNmd-mjdSTQ4KRTTyfiXjn_CME5xn5wuPrIXU=',
      'err': 0,
    }),
  ])
# ---
