# serializer version: 1
# name: test_r3_globalwrite_gfx942_golden
  list([
    dict({
      'basename': 'Cijk_Alik_Bljk_F8NBS_BH_SABV_SAV_UserArgs_MT64x6dlz5hRZCBJsYwzD4ttFTMS7hYZ70oSxXybmGz_mYF90=',
      'err': 0,
    }),
    dict({
      'basename': 'Cijk_Alik_Bljk_F8NBS_BH_SABV_SAV_UserArgs_MT64x6u_2FDnI_vvyuUWvkN3lEFWuj-EkDDZC7xPjacmlFhMA=',
      'err': 0,
    }),
  ])
# ---
