# serializer version: 1
# name: test_r2_mac_hhs_dot2_golden
  list([
    dict({
      'basename': 'Cijk_Alik_Bljk_HHS_BH_UserArgs_MT16x32x16_SN_LDS-OU219w4L275B6M8ev0JZBAwJFHBth7MNDN9YgobZu4=',
      'err': 0,
    }),
    dict({
      'basename': 'Cijk_Alik_Bljk_HHS_BH_UserArgs_MT16x64x16_SN_LDSFDvYT_rywu8mBZnKjBTgjg4BOtaXzX7EtAxX8SbrAxg=',
      'err': 0,
    }),
    dict({
      'basename': 'Cijk_Alik_Bljk_HHS_BH_UserArgs_MT32x32x16_SN_LDSOKX35cxy_hZI7EpheY2mEZ3_TdeUiATz7n6TtcaoFP0=',
      'err': 0,
    }),
    dict({
      'basename': 'Cijk_Alik_Bljk_HHS_BH_UserArgs_MT32x64x16_SN_LDSB50fPvjSwiyQc3g41qz4XOcQt3S0w2cKoYIJOx7rjQM=',
      'err': 0,
    }),
    dict({
      'basename': 'Cijk_Alik_Bljk_HHS_BH_UserArgs_MT64x32x16_SN_LDSxgjtUPT5cWb43MWthiOeR6ROMlTAPW3qF3T6Wi9IdC4=',
      'err': 0,
    }),
    dict({
      'basename': 'Cijk_Alik_Bljk_HHS_BH_UserArgs_MT8x64x16_SN_LDSBtyAEq6uHqhBrpVGawlROXz6mmbwiQ2QDgbT-TWvEoa8=',
      'err': 0,
    }),
  ])
# ---
