# serializer version: 1
# name: test_gfx942_f8n_golden
  list([
    dict({
      'basename': 'Cijk_Ailk_Bljk_F8NHS_BH_Bias_S_HA_S_SAB_SCD_SAV_6IGAiXy2N2fwhxCMwwvkWNDLdEHHk4FCGTQ1BQr5fCo=',
      'err': 0,
    }),
    dict({
      'basename': 'Cijk_Ailk_Bljk_F8NHS_BH_Bias_S_HA_S_SAB_SCD_SAV_DWPfq_SVQbLZ0zb-79WIXo4eXja3-1Eunr8AYF4_WSA=',
      'err': 0,
    }),
    dict({
      'basename': 'Cijk_Ailk_Bljk_F8NHS_BH_Bias_S_HA_S_SAB_SCD_SAV_MouW5Ptogusv2OMpRgXAdOMjwYY2gjxS47vECX0Hdes=',
      'err': 0,
    }),
    dict({
      'basename': 'Cijk_Ailk_Bljk_F8NHS_BH_Bias_S_HA_S_SAB_SCD_SAV_S_TDmRmJ24WAGUwOKQ7osap4XS4B0881wtICcaqnrrw=',
      'err': 0,
    }),
    dict({
      'basename': 'Cijk_Ailk_Bljk_F8NHS_BH_Bias_S_HA_S_SAB_SCD_SAV_UhWQznfNQuSKRW6itUxMkCJ3_72fGEx9HTK6URtdxG8=',
      'err': 0,
    }),
    dict({
      'basename': 'Cijk_Ailk_Bljk_F8NHS_BH_Bias_S_HA_S_SAB_SCD_SAV_WNicSSMFHWqMJyhNzGW7rkNToBdjuMzjCCuaJvSqmg8=',
      'err': 0,
    }),
    dict({
      'basename': 'Cijk_Ailk_Bljk_F8NHS_BH_Bias_S_HA_S_SAB_SCD_SAV_gnCj3cl9MTgXGQZXQvUgcvAEqzIhV0rVHs0_rqq2_LE=',
      'err': 0,
    }),
    dict({
      'basename': 'Cijk_Ailk_Bljk_F8NHS_BH_Bias_S_HA_S_SAB_SCD_SAV_ntQxRGyUN6nfer3dHWa8a-tNThAni1odlUsA1Zmyf5A=',
      'err': 0,
    }),
  ])
# ---
