# serializer version: 1
# name: test_r3_kwafeat_gfx942_golden
  list([
    dict({
      'basename': 'Cijk_Ailk_Bjlk_S_B_UserArgs_MT128x128x16_MI16x16OzAIAkLgS1Hl0vLB-pM-LpGu2-26y1Fzo0wVqpx42Bc=',
      'err': 0,
    }),
    dict({
      'basename': 'Cijk_Ailk_Bjlk_S_B_UserArgs_MT128x128x16_MI16x16u82HysOXn_RzKYM7CAxDGuX-x8u6lgYuzVhfA2UexBU=',
      'err': 0,
    }),
  ])
# ---
