# serializer version: 1
# name: test_gfx1100_emit_digests
  list([
    dict({
      'file': 'DB.yaml',
      'kernels': list([
        dict({
          'basename': 'Cijk_Ailk_Bjlk_D_B_UserArgs_MT16x16x16_SN_LDSB0_3oO6jBAM00pphD2VV-CqGRMzDepd9h9q8WK73WXlVDk=',
          'err': 0,
        }),
        dict({
          'basename': 'Cijk_Ailk_Bjlk_D_B_UserArgs_MT16x16x8_SN_LDSB0_ACLqtW25sePBPS8lOdL64fJ5jUFJdOcZSY1etOtTN9Po=',
          'err': 0,
        }),
        dict({
          'basename': 'Cijk_Ailk_Bjlk_D_B_UserArgs_MT8x8x16_SN_LDSB0_AFmeIrtahN1mMsP3I8UWOyOsa4yohsvKCBvIgO1yuRpLc=',
          'err': 0,
        }),
        dict({
          'basename': 'Cijk_Ailk_Bjlk_D_B_UserArgs_MT8x8x8_SN_LDSB0_AFCPPAWpK9HLEIZxpA9U7rktgHjniQsGQ3UpsvDjfXwAKw=',
          'err': 0,
        }),
      ]),
    }),
    dict({
      'file': 'HSS.yaml',
      'kernels': list([
        dict({
          'basename': 'Cijk_Alik_Bljk_HSS_BH_Bias_HA_S_SAV_UserArgs_MT3Mt6dA0_Y8MkRLUc2Oy4ggnSynTBK73TPbsy8roG7quM=',
          'err': 0,
        }),
        dict({
          'basename': 'Cijk_Alik_Bljk_HSS_BH_Bias_HA_S_SAV_UserArgs_MT9JMVwzV8Wtg89Ef0R7h3Ix7e0ZPL1jH_XYa6KpKhyNL4=',
          'err': 0,
        }),
        dict({
          'basename': 'Cijk_Alik_Bljk_HSS_BH_Bias_HA_S_SAV_UserArgs_MT9y0GjhBuE23hZr1l6k8fjFJQqGihIRR1hUmlTFb9GdIE=',
          'err': 0,
        }),
      ]),
    }),
    dict({
      'file': 'SB.yaml',
      'kernels': list([
        dict({
          'basename': 'Cijk_Ailk_Bjlk_S_B_Bias_HA_S_SAV_UserArgs_MT16x1Nyc7T4Lr2Pn7sRwBH1WMa9JIV3sfECFK26akulK2JD0=',
          'err': 0,
        }),
        dict({
          'basename': 'Cijk_Ailk_Bjlk_S_B_Bias_HA_S_SAV_UserArgs_MT16x1kWh2fPg1FeA8m3YqOKjjJI3PdGjChUwQqPpN0IZRktE=',
          'err': 0,
        }),
        dict({
          'basename': 'Cijk_Ailk_Bjlk_S_B_Bias_HA_S_SAV_UserArgs_MT8x8xd5xyNQEjYN7Ug4ChNYEjA25rfT9PIzfGLOm-GzVT5FI=',
          'err': 0,
        }),
        dict({
          'basename': 'Cijk_Ailk_Bjlk_S_B_Bias_HA_S_SAV_UserArgs_MT8x8xkig8zhr00KObTd2IkvAroXTipjp4MfaQ4SjXD2EaYFw=',
          'err': 0,
        }),
      ]),
    }),
  ])
# ---
