# serializer version: 1
# name: test_r2_streamk_gfx942_golden
  list([
    dict({
      'basename': 'Cijk_Ailk_Bjlk_S_B_UserArgs_MT128x128x16_MI16x16UVXJ416jQYxXSh32PH-1YY6AxW-NH_zy-GrqS_cqrSU=',
      'err': 0,
    }),
    dict({
      'basename': 'Cijk_Ailk_Bjlk_S_B_UserArgs_MT128x128x16_MI16x16UVXJ416jQYxXSh32PH-1YY6AxW-NH_zy-GrqS_cqrSU=',
      'err': 0,
    }),
    dict({
      'basename': 'Cijk_Ailk_Bjlk_S_B_UserArgs_MT128x128x16_MI16x16YKnCIFYFoNWWmUpmMNgCx7bz17Shhfep_Fc6TQgaQoQ=',
      'err': 0,
    }),
    dict({
      'basename': 'Cijk_Ailk_Bjlk_S_B_UserArgs_MT128x128x16_MI16x16YKnCIFYFoNWWmUpmMNgCx7bz17Shhfep_Fc6TQgaQoQ=',
      'err': 0,
    }),
    dict({
      'basename': 'Cijk_Ailk_Bjlk_S_B_UserArgs_MT128x128x16_MI16x16s7bJXnKY6FMgb1SThUN2RR50thoWKQ9KBOR5RgEJVeY=',
      'err': 0,
    }),
    dict({
      'basename': 'Cijk_Ailk_Bjlk_S_B_UserArgs_MT128x128x16_MI16x16s7bJXnKY6FMgb1SThUN2RR50thoWKQ9KBOR5RgEJVeY=',
      'err': 0,
    }),
  ])
# ---
