# serializer version: 1
# name: test_r2_gsu_golden
  list([
    dict({
      'basename': 'Cijk_Alik_Bljk_BBS_BH_Bias_A_S_UserArgs_MT64x16xo5VQ-F0WZHKSrYuE82fAvQi7Ohfbkq0DldLBVd7WRMo=',
      'err': 0,
    }),
    dict({
      'basename': 'Cijk_Alik_Bljk_BBS_BH_Bias_A_S_UserArgs_MT64x16xwh-uTO5ax40lNT9bb3iAHdDsWFB8ywrrZnJRF3UAt3o=',
      'err': 0,
    }),
  ])
# ---
