# serializer version: 1
# name: test_gfx942_dominant_golden
  list([
    dict({
      'basename': 'Cijk_Alik_Bljk_BBS_BH_Bias_A_S_UserArgs_MT128x32DQ4xmsx-wjj544UBkMboqlyA5y-uLFi_VDgkpUJNoE8=',
      'err': 0,
    }),
    dict({
      'basename': 'Cijk_Alik_Bljk_BBS_BH_Bias_A_S_UserArgs_MT128x32Q9WWk0JeqTk9A-yjaF6FIiA5FXDvSC_Ct3jhfH1zZwM=',
      'err': 0,
    }),
    dict({
      'basename': 'Cijk_Alik_Bljk_BBS_BH_Bias_A_S_UserArgs_MT64x16x5PToFOP5xdnVioLsH7liqyUcR2Wl9EMBw33oyghu4jo=',
      'err': 0,
    }),
    dict({
      'basename': 'Cijk_Alik_Bljk_BBS_BH_Bias_A_S_UserArgs_MT64x16xwh-uTO5ax40lNT9bb3iAHdDsWFB8ywrrZnJRF3UAt3o=',
      'err': 0,
    }),
  ])
# ---
