# serializer version: 1
# name: test_gfx950_hhs_golden
  list([
    dict({
      'basename': 'Cijk_Alik_Bljk_HHS_BH_Bias_A_S_UserArgs_MT64x16x5w-i6crKSmMjoitNWhCI0MolKeL2FvPuMlzA8KKzoqQ=',
      'err': 0,
    }),
    dict({
      'basename': 'Cijk_Alik_Bljk_HHS_BH_Bias_A_S_UserArgs_MT64x16x8ELW-KpDzTM5FqDyTfBbu76Z_UbQvi3YfSByNmrLVso=',
      'err': 0,
    }),
  ])
# ---
