| PtrTypesAliasSelected.cpp:53:32:53:33 | s1 | There exists an alias for `shared_ptr<TypeC>`, most likely being`TypeCPtr`, but is currently declared as `shared_ptr<TypeC>` |
| PtrTypesAliasSelected.cpp:54:32:54:33 | s2 | There exists an alias for `shared_ptr<TypeB>`, most likely being`TypeBPtr`, but is currently declared as `shared_ptr<TypeB>` |
| PtrTypesAliasSelected.cpp:57:28:57:29 | s3 | There exists an alias for `shared_ptr<TypeB>`, most likely being`TypeBPtr`, but is currently declared as `shared_ptr<TypeB>` |
